# packages in environment at /Users/narayanaswamyy2/anaconda3/envs/vnet_ymac_2024_02_14:
#
# Name                    Version                   Build  Channel
anyio                     4.2.0              pyhd8ed1ab_0    conda-forge
appnope                   0.1.4              pyhd8ed1ab_0    conda-forge
argon2-cffi               23.1.0             pyhd8ed1ab_0    conda-forge
argon2-cffi-bindings      21.2.0          py312h104f124_4    conda-forge
arrow                     1.3.0              pyhd8ed1ab_0    conda-forge
asttokens                 2.4.1              pyhd8ed1ab_0    conda-forge
async-lru                 2.0.4              pyhd8ed1ab_0    conda-forge
attrs                     23.2.0             pyh71513ae_0    conda-forge
babel                     2.14.0             pyhd8ed1ab_0    conda-forge
beautifulsoup4            4.12.3             pyha770c72_0    conda-forge
bleach                    6.1.0              pyhd8ed1ab_0    conda-forge
brotli                    1.1.0                h0dc2134_1    conda-forge
brotli-bin                1.1.0                h0dc2134_1    conda-forge
brotli-python             1.1.0           py312heafc425_1    conda-forge
bzip2                     1.0.8                h10d778d_5    conda-forge
ca-certificates           2024.2.2             h8857fd0_0    conda-forge
cached-property           1.5.2                hd8ed1ab_1    conda-forge
cached_property           1.5.2              pyha770c72_1    conda-forge
certifi                   2024.2.2           pyhd8ed1ab_0    conda-forge
cffi                      1.16.0          py312h38bf5a0_0    conda-forge
charset-normalizer        3.3.2              pyhd8ed1ab_0    conda-forge
comm                      0.2.1              pyhd8ed1ab_0    conda-forge
contourpy                 1.2.0           py312hbf0bb39_0    conda-forge
cycler                    0.12.1             pyhd8ed1ab_0    conda-forge
debugpy                   1.8.1           py312hede676d_0    conda-forge
decorator                 5.1.1              pyhd8ed1ab_0    conda-forge
defusedxml                0.7.1              pyhd8ed1ab_0    conda-forge
entrypoints               0.4                pyhd8ed1ab_0    conda-forge
exceptiongroup            1.2.0              pyhd8ed1ab_2    conda-forge
executing                 2.0.1              pyhd8ed1ab_0    conda-forge
filelock                  3.13.1             pyhd8ed1ab_0    conda-forge
fonttools                 4.48.1          py312h41838bb_0    conda-forge
fqdn                      1.5.1              pyhd8ed1ab_0    conda-forge
freetype                  2.12.1               h60636b9_2    conda-forge
fsspec                    2023.12.2                pypi_0    pypi
h11                       0.14.0             pyhd8ed1ab_0    conda-forge
h2                        4.1.0              pyhd8ed1ab_0    conda-forge
hpack                     4.0.0              pyh9f0ad1d_0    conda-forge
httpcore                  1.0.2              pyhd8ed1ab_0    conda-forge
httpx                     0.26.0             pyhd8ed1ab_0    conda-forge
hyperframe                6.0.1              pyhd8ed1ab_0    conda-forge
icu                       73.2                 hf5e326d_0    conda-forge
idna                      3.6                pyhd8ed1ab_0    conda-forge
importlib-metadata        7.0.1              pyha770c72_0    conda-forge
importlib_metadata        7.0.1                hd8ed1ab_0    conda-forge
importlib_resources       6.1.1              pyhd8ed1ab_0    conda-forge
ipykernel                 6.29.2             pyh3cd1d5f_0    conda-forge
ipython                   8.21.0             pyh707e725_0    conda-forge
ipywidgets                8.1.2              pyhd8ed1ab_0    conda-forge
isoduration               20.11.0            pyhd8ed1ab_0    conda-forge
jedi                      0.19.1             pyhd8ed1ab_0    conda-forge
jinja2                    3.1.3              pyhd8ed1ab_0    conda-forge
json5                     0.9.14             pyhd8ed1ab_0    conda-forge
jsonpointer               2.4             py312hb401068_3    conda-forge
jsonschema                4.21.1             pyhd8ed1ab_0    conda-forge
jsonschema-specifications 2023.12.1          pyhd8ed1ab_0    conda-forge
jsonschema-with-format-nongpl 4.21.1             pyhd8ed1ab_0    conda-forge
jupyter                   1.0.0             pyhd8ed1ab_10    conda-forge
jupyter-lsp               2.2.2              pyhd8ed1ab_0    conda-forge
jupyter_client            8.6.0              pyhd8ed1ab_0    conda-forge
jupyter_console           6.6.3              pyhd8ed1ab_0    conda-forge
jupyter_core              5.7.1           py312hb401068_0    conda-forge
jupyter_events            0.9.0              pyhd8ed1ab_0    conda-forge
jupyter_server            2.12.5             pyhd8ed1ab_0    conda-forge
jupyter_server_terminals  0.5.2              pyhd8ed1ab_0    conda-forge
jupyterlab                4.1.1              pyhd8ed1ab_0    conda-forge
jupyterlab_pygments       0.3.0              pyhd8ed1ab_1    conda-forge
jupyterlab_server         2.25.2             pyhd8ed1ab_0    conda-forge
jupyterlab_widgets        3.0.10             pyhd8ed1ab_0    conda-forge
kiwisolver                1.4.5           py312h49ebfd2_1    conda-forge
lcms2                     2.16                 ha2f27b4_0    conda-forge
lerc                      4.0.0                hb486fe8_0    conda-forge
libabseil                 20230802.1      cxx17_h048a20a_0    conda-forge
libblas                   3.9.0           21_osx64_openblas    conda-forge
libbrotlicommon           1.1.0                h0dc2134_1    conda-forge
libbrotlidec              1.1.0                h0dc2134_1    conda-forge
libbrotlienc              1.1.0                h0dc2134_1    conda-forge
libcblas                  3.9.0           21_osx64_openblas    conda-forge
libcxx                    16.0.6               hd57cbcb_0    conda-forge
libdeflate                1.19                 ha4e1b8e_0    conda-forge
libexpat                  2.5.0                hf0c8a7f_1    conda-forge
libffi                    3.4.2                h0d85af4_5    conda-forge
libgfortran               5.0.0           13_2_0_h97931a8_3    conda-forge
libgfortran5              13.2.0               h2873a65_3    conda-forge
libhwloc                  2.9.3           default_h24e0189_1009    conda-forge
libiconv                  1.17                 hd75f5a5_2    conda-forge
libjpeg-turbo             3.0.0                h0dc2134_1    conda-forge
liblapack                 3.9.0           21_osx64_openblas    conda-forge
libopenblas               0.3.26          openmp_hfef2a42_0    conda-forge
libpng                    1.6.42               h92b6c6a_0    conda-forge
libprotobuf               4.24.4               hc4f2305_0    conda-forge
libsodium                 1.0.18               hbcb3906_1    conda-forge
libsqlite                 3.45.1               h92b6c6a_0    conda-forge
libtiff                   4.6.0                h684deea_2    conda-forge
libtorch                  2.1.0           cpu_mkl_h0ebf234_103    conda-forge
libuv                     1.47.0               h67532ce_0    conda-forge
libwebp-base              1.3.2                h0dc2134_0    conda-forge
libxcb                    1.15                 hb7f2c08_0    conda-forge
libxml2                   2.12.5               hc0ae0f7_0    conda-forge
libzlib                   1.2.13               h8a1eda9_5    conda-forge
llvm-openmp               17.0.6               hb6ac08f_0    conda-forge
markupsafe                2.1.4                    pypi_0    pypi
matplotlib                3.8.2           py312hb401068_0    conda-forge
matplotlib-base           3.8.2           py312h302682c_0    conda-forge
matplotlib-inline         0.1.6              pyhd8ed1ab_0    conda-forge
mistune                   3.0.2              pyhd8ed1ab_0    conda-forge
mkl                       2023.2.0         h54c2260_50500    conda-forge
mpmath                    1.3.0              pyhd8ed1ab_0    conda-forge
munkres                   1.1.4              pyh9f0ad1d_0    conda-forge
nbclient                  0.8.0              pyhd8ed1ab_0    conda-forge
nbconvert                 7.16.0             pyhd8ed1ab_0    conda-forge
nbconvert-core            7.16.0             pyhd8ed1ab_0    conda-forge
nbconvert-pandoc          7.16.0             pyhd8ed1ab_0    conda-forge
nbformat                  5.9.2              pyhd8ed1ab_0    conda-forge
ncurses                   6.4                  h93d8f39_2    conda-forge
nest-asyncio              1.6.0              pyhd8ed1ab_0    conda-forge
networkx                  3.2.1              pyhd8ed1ab_0    conda-forge
nibabel                   5.2.0              pyha770c72_0    conda-forge
notebook                  7.1.0              pyhd8ed1ab_0    conda-forge
notebook-shim             0.2.3              pyhd8ed1ab_0    conda-forge
numpy                     1.26.4          py312he3a82b2_0    conda-forge
openjpeg                  2.5.0                ha4da562_3    conda-forge
openssl                   3.2.1                hd75f5a5_0    conda-forge
overrides                 7.7.0              pyhd8ed1ab_0    conda-forge
packaging                 23.2               pyhd8ed1ab_0    conda-forge
pandoc                    3.1.11.1             h694c41f_0    conda-forge
pandocfilters             1.5.0              pyhd8ed1ab_0    conda-forge
parso                     0.8.3              pyhd8ed1ab_0    conda-forge
pexpect                   4.9.0              pyhd8ed1ab_0    conda-forge
pickleshare               0.7.5                   py_1003    conda-forge
pillow                    10.2.0          py312h0c70c2f_0    conda-forge
pip                       24.0               pyhd8ed1ab_0    conda-forge
pkgutil-resolve-name      1.3.10             pyhd8ed1ab_1    conda-forge
platformdirs              4.2.0              pyhd8ed1ab_0    conda-forge
prometheus_client         0.19.0             pyhd8ed1ab_0    conda-forge
prompt-toolkit            3.0.42             pyha770c72_0    conda-forge
prompt_toolkit            3.0.42               hd8ed1ab_0    conda-forge
psutil                    5.9.8           py312h41838bb_0    conda-forge
pthread-stubs             0.4               hc929b4f_1001    conda-forge
ptyprocess                0.7.0              pyhd3deb0d_0    conda-forge
pure_eval                 0.2.2              pyhd8ed1ab_0    conda-forge
pycparser                 2.21               pyhd8ed1ab_0    conda-forge
pygments                  2.17.2             pyhd8ed1ab_0    conda-forge
pyobjc-core               10.1            py312h74abf1d_0    conda-forge
pyobjc-framework-cocoa    10.1            py312h74abf1d_0    conda-forge
pyparsing                 3.1.1              pyhd8ed1ab_0    conda-forge
pysocks                   1.7.1              pyha2e5f31_6    conda-forge
python                    3.12.1          h9f0c242_1_cpython    conda-forge
python-dateutil           2.8.2              pyhd8ed1ab_0    conda-forge
python-fastjsonschema     2.19.1             pyhd8ed1ab_0    conda-forge
python-json-logger        2.0.7              pyhd8ed1ab_0    conda-forge
python_abi                3.12                    4_cp312    conda-forge
pytorch                   2.1.0           cpu_mkl_py312h40cb7ac_103    conda-forge
pytz                      2024.1             pyhd8ed1ab_0    conda-forge
pyyaml                    6.0.1           py312h104f124_1    conda-forge
pyzmq                     25.1.2          py312hc789acb_0    conda-forge
qtconsole-base            5.5.1              pyha770c72_0    conda-forge
qtpy                      2.4.1              pyhd8ed1ab_0    conda-forge
readline                  8.2                  h9e318b2_1    conda-forge
referencing               0.33.0             pyhd8ed1ab_0    conda-forge
requests                  2.31.0             pyhd8ed1ab_0    conda-forge
rfc3339-validator         0.1.4              pyhd8ed1ab_0    conda-forge
rfc3986-validator         0.1.1              pyh9f0ad1d_0    conda-forge
rpds-py                   0.18.0          py312h1b0e595_0    conda-forge
send2trash                1.8.2              pyhd1c38e8_0    conda-forge
setuptools                69.0.3             pyhd8ed1ab_0    conda-forge
six                       1.16.0             pyh6c4a22f_0    conda-forge
sleef                     3.5.1                h6db0672_2    conda-forge
sniffio                   1.3.0              pyhd8ed1ab_0    conda-forge
soupsieve                 2.5                pyhd8ed1ab_1    conda-forge
stack_data                0.6.2              pyhd8ed1ab_0    conda-forge
sympy                     1.12               pyh04b8f61_3    conda-forge
tbb                       2021.11.0            h7728843_1    conda-forge
terminado                 0.18.0             pyh31c8845_0    conda-forge
tinycss2                  1.2.1              pyhd8ed1ab_0    conda-forge
tk                        8.6.13               h1abcd95_1    conda-forge
tomli                     2.0.1              pyhd8ed1ab_0    conda-forge
torch                     2.1.0.post103            pypi_0    pypi
tornado                   6.3.3           py312h104f124_1    conda-forge
traitlets                 5.14.1             pyhd8ed1ab_0    conda-forge
types-python-dateutil     2.8.19.20240106    pyhd8ed1ab_0    conda-forge
typing-extensions         4.9.0                hd8ed1ab_0    conda-forge
typing_extensions         4.9.0              pyha770c72_0    conda-forge
typing_utils              0.1.0              pyhd8ed1ab_0    conda-forge
tzdata                    2024a                h0c530f3_0    conda-forge
uri-template              1.3.0              pyhd8ed1ab_0    conda-forge
urllib3                   2.2.0              pyhd8ed1ab_0    conda-forge
wcwidth                   0.2.13             pyhd8ed1ab_0    conda-forge
webcolors                 1.13               pyhd8ed1ab_0    conda-forge
webencodings              0.5.1              pyhd8ed1ab_2    conda-forge
websocket-client          1.7.0              pyhd8ed1ab_0    conda-forge
wheel                     0.42.0             pyhd8ed1ab_0    conda-forge
widgetsnbextension        4.0.10             pyhd8ed1ab_0    conda-forge
xorg-libxau               1.0.11               h0dc2134_0    conda-forge
xorg-libxdmcp             1.1.3                h35c211d_0    conda-forge
xz                        5.2.6                h775f41a_0    conda-forge
yaml                      0.2.5                h0d85af4_2    conda-forge
zeromq                    4.3.5                h93d8f39_0    conda-forge
zipp                      3.17.0             pyhd8ed1ab_0    conda-forge
zstd                      1.5.5                h829000d_0    conda-forge
