----------------------------------------------------------------
        Layer (type)               Output Shape         Param #
================================================================
            Conv3d-1    [-1, 16, 128, 128, 128]           2,016
              ReLU-2    [-1, 16, 128, 128, 128]               0
            Conv3d-3       [-1, 32, 64, 64, 64]           4,128
              ReLU-4       [-1, 32, 64, 64, 64]               0
            Conv3d-5       [-1, 32, 64, 64, 64]         128,032
              ReLU-6       [-1, 32, 64, 64, 64]               0
            Conv3d-7       [-1, 32, 64, 64, 64]         128,032
              ReLU-8       [-1, 32, 64, 64, 64]               0
        RepeatConv-9       [-1, 32, 64, 64, 64]               0
             Down-10       [-1, 32, 64, 64, 64]               0
           Conv3d-11       [-1, 64, 32, 32, 32]          16,448
             ReLU-12       [-1, 64, 32, 32, 32]               0
           Conv3d-13       [-1, 64, 32, 32, 32]         512,064
             ReLU-14       [-1, 64, 32, 32, 32]               0
           Conv3d-15       [-1, 64, 32, 32, 32]         512,064
             ReLU-16       [-1, 64, 32, 32, 32]               0
           Conv3d-17       [-1, 64, 32, 32, 32]         512,064
             ReLU-18       [-1, 64, 32, 32, 32]               0
       RepeatConv-19       [-1, 64, 32, 32, 32]               0
             Down-20       [-1, 64, 32, 32, 32]               0
           Conv3d-21      [-1, 128, 16, 16, 16]          65,664
             ReLU-22      [-1, 128, 16, 16, 16]               0
           Conv3d-23      [-1, 128, 16, 16, 16]       2,048,128
             ReLU-24      [-1, 128, 16, 16, 16]               0
           Conv3d-25      [-1, 128, 16, 16, 16]       2,048,128
             ReLU-26      [-1, 128, 16, 16, 16]               0
           Conv3d-27      [-1, 128, 16, 16, 16]       2,048,128
             ReLU-28      [-1, 128, 16, 16, 16]               0
       RepeatConv-29      [-1, 128, 16, 16, 16]               0
             Down-30      [-1, 128, 16, 16, 16]               0
           Conv3d-31         [-1, 256, 8, 8, 8]         262,400
             ReLU-32         [-1, 256, 8, 8, 8]               0
           Conv3d-33         [-1, 256, 8, 8, 8]       8,192,256
             ReLU-34         [-1, 256, 8, 8, 8]               0
           Conv3d-35         [-1, 256, 8, 8, 8]       8,192,256
             ReLU-36         [-1, 256, 8, 8, 8]               0
           Conv3d-37         [-1, 256, 8, 8, 8]       8,192,256
             ReLU-38         [-1, 256, 8, 8, 8]               0
       RepeatConv-39         [-1, 256, 8, 8, 8]               0
             Down-40         [-1, 256, 8, 8, 8]               0
  ConvTranspose3d-41      [-1, 128, 16, 16, 16]         262,272
             ReLU-42      [-1, 128, 16, 16, 16]               0
           Conv3d-43      [-1, 256, 16, 16, 16]       8,192,256
             ReLU-44      [-1, 256, 16, 16, 16]               0
           Conv3d-45      [-1, 256, 16, 16, 16]       8,192,256
             ReLU-46      [-1, 256, 16, 16, 16]               0
           Conv3d-47      [-1, 256, 16, 16, 16]       8,192,256
             ReLU-48      [-1, 256, 16, 16, 16]               0
       RepeatConv-49      [-1, 256, 16, 16, 16]               0
               Up-50      [-1, 256, 16, 16, 16]               0
  ConvTranspose3d-51       [-1, 64, 32, 32, 32]         131,136
             ReLU-52       [-1, 64, 32, 32, 32]               0
           Conv3d-53      [-1, 128, 32, 32, 32]       2,048,128
             ReLU-54      [-1, 128, 32, 32, 32]               0
           Conv3d-55      [-1, 128, 32, 32, 32]       2,048,128
             ReLU-56      [-1, 128, 32, 32, 32]               0
           Conv3d-57      [-1, 128, 32, 32, 32]       2,048,128
             ReLU-58      [-1, 128, 32, 32, 32]               0
       RepeatConv-59      [-1, 128, 32, 32, 32]               0
               Up-60      [-1, 128, 32, 32, 32]               0
  ConvTranspose3d-61       [-1, 32, 64, 64, 64]          32,800
             ReLU-62       [-1, 32, 64, 64, 64]               0
           Conv3d-63       [-1, 64, 64, 64, 64]         512,064
             ReLU-64       [-1, 64, 64, 64, 64]               0
           Conv3d-65       [-1, 64, 64, 64, 64]         512,064
             ReLU-66       [-1, 64, 64, 64, 64]               0
       RepeatConv-67       [-1, 64, 64, 64, 64]               0
               Up-68       [-1, 64, 64, 64, 64]               0
  ConvTranspose3d-69    [-1, 16, 128, 128, 128]           8,208
             ReLU-70    [-1, 16, 128, 128, 128]               0
           Conv3d-71    [-1, 32, 128, 128, 128]         128,032
             ReLU-72    [-1, 32, 128, 128, 128]               0
       RepeatConv-73    [-1, 32, 128, 128, 128]               0
               Up-74    [-1, 32, 128, 128, 128]               0
           Conv3d-75     [-1, 2, 128, 128, 128]              66
          Softmax-76     [-1, 2, 128, 128, 128]               0
================================================================
Total params: 65,171,858
Trainable params: 65,171,858
Non-trainable params: 0
----------------------------------------------------------------
Input size (MB): 8.00
Forward/backward pass size (MB): 5114.00
Params size (MB): 248.61
Estimated Total Size (MB): 5370.61
----------------------------------------------------------------